This is pdfTeX, Version 3.141592653-2.6-1.40.29 (TeX Live 2026) (preloaded format=pdflatex)
 restricted \write18 enabled.
entering extended mode
(./portfolio_optimization_paper.tex
LaTeX2e <2025-11-01>
L3 programming layer <2026-01-19>
(/usr/local/texlive/2026basic/texmf-dist/tex/latex/base/article.cls
Document Class: article 2025/01/22 v1.4n Standard LaTeX document class
(/usr/local/texlive/2026basic/texmf-dist/tex/latex/base/size11.clo))
(/usr/local/texlive/2026basic/texmf-dist/tex/latex/base/inputenc.sty)
(/usr/local/texlive/2026basic/texmf-dist/tex/latex/geometry/geometry.sty
(/usr/local/texlive/2026basic/texmf-dist/tex/latex/graphics/keyval.sty)
(/usr/local/texlive/2026basic/texmf-dist/tex/generic/iftex/ifvtex.sty
(/usr/local/texlive/2026basic/texmf-dist/tex/generic/iftex/iftex.sty)))
(/usr/local/texlive/2026basic/texmf-dist/tex/latex/amsmath/amsmath.sty
For additional information on amsmath, use the `?' option.
(/usr/local/texlive/2026basic/texmf-dist/tex/latex/amsmath/amstext.sty
(/usr/local/texlive/2026basic/texmf-dist/tex/latex/amsmath/amsgen.sty))
(/usr/local/texlive/2026basic/texmf-dist/tex/latex/amsmath/amsbsy.sty)
(/usr/local/texlive/2026basic/texmf-dist/tex/latex/amsmath/amsopn.sty))
(/usr/local/texlive/2026basic/texmf-dist/tex/latex/amsfonts/amssymb.sty
(/usr/local/texlive/2026basic/texmf-dist/tex/latex/amsfonts/amsfonts.sty))
(/usr/local/texlive/2026basic/texmf-dist/tex/latex/graphics/graphicx.sty
(/usr/local/texlive/2026basic/texmf-dist/tex/latex/graphics/graphics.sty
(/usr/local/texlive/2026basic/texmf-dist/tex/latex/graphics/trig.sty)
(/usr/local/texlive/2026basic/texmf-dist/tex/latex/graphics-cfg/graphics.cfg)
(/usr/local/texlive/2026basic/texmf-dist/tex/latex/graphics-def/pdftex.def)))
(/usr/local/texlive/2026basic/texmf-dist/tex/latex/booktabs/booktabs.sty)
(/usr/local/texlive/2026basic/texmf-dist/tex/latex/caption/caption.sty
(/usr/local/texlive/2026basic/texmf-dist/tex/latex/caption/caption3.sty))
(/usr/local/texlive/2026basic/texmf-dist/tex/latex/hyperref/hyperref.sty
(/usr/local/texlive/2026basic/texmf-dist/tex/latex/kvsetkeys/kvsetkeys.sty)
(/usr/local/texlive/2026basic/texmf-dist/tex/generic/kvdefinekeys/kvdefinekeys.
sty)
(/usr/local/texlive/2026basic/texmf-dist/tex/generic/pdfescape/pdfescape.sty
(/usr/local/texlive/2026basic/texmf-dist/tex/generic/ltxcmds/ltxcmds.sty)
(/usr/local/texlive/2026basic/texmf-dist/tex/generic/pdftexcmds/pdftexcmds.sty
(/usr/local/texlive/2026basic/texmf-dist/tex/generic/infwarerr/infwarerr.sty)))
 (/usr/local/texlive/2026basic/texmf-dist/tex/latex/hycolor/hycolor.sty)
(/usr/local/texlive/2026basic/texmf-dist/tex/latex/hyperref/nameref.sty
(/usr/local/texlive/2026basic/texmf-dist/tex/latex/refcount/refcount.sty)
(/usr/local/texlive/2026basic/texmf-dist/tex/generic/gettitlestring/gettitlestr
ing.sty
(/usr/local/texlive/2026basic/texmf-dist/tex/latex/kvoptions/kvoptions.sty)))
(/usr/local/texlive/2026basic/texmf-dist/tex/latex/etoolbox/etoolbox.sty)
(/usr/local/texlive/2026basic/texmf-dist/tex/generic/stringenc/stringenc.sty)
(/usr/local/texlive/2026basic/texmf-dist/tex/latex/hyperref/pd1enc.def)
(/usr/local/texlive/2026basic/texmf-dist/tex/generic/intcalc/intcalc.sty)
(/usr/local/texlive/2026basic/texmf-dist/tex/latex/hyperref/puenc.def)
(/usr/local/texlive/2026basic/texmf-dist/tex/latex/url/url.sty)
(/usr/local/texlive/2026basic/texmf-dist/tex/generic/bitset/bitset.sty
(/usr/local/texlive/2026basic/texmf-dist/tex/generic/bigintcalc/bigintcalc.sty)
)) (/usr/local/texlive/2026basic/texmf-dist/tex/latex/hyperref/hpdftex.def
(/usr/local/texlive/2026basic/texmf-dist/tex/latex/rerunfilecheck/rerunfilechec
k.sty
(/usr/local/texlive/2026basic/texmf-dist/tex/generic/uniquecounter/uniquecounte
r.sty))) (/usr/local/texlive/2026basic/texmf-dist/tex/latex/float/float.sty)
(/usr/local/texlive/2026basic/texmf-dist/tex/latex/enumitem/enumitem.sty)
(/usr/local/texlive/2026basic/texmf-dist/tex/latex/setspace/setspace.sty)
(/usr/local/texlive/2026basic/texmf-dist/tex/latex/l3backend/l3backend-pdftex.d
ef)
No file portfolio_optimization_paper.aux.
*geometry* driver: auto-detecting
*geometry* detected driver: pdftex
(/usr/local/texlive/2026basic/texmf-dist/tex/context/base/mkii/supp-pdf.mkii
[Loading MPS to PDF converter (version 2006.09.02).]
)
(/usr/local/texlive/2026basic/texmf-dist/tex/latex/epstopdf-pkg/epstopdf-base.s
ty
(/usr/local/texlive/2026basic/texmf-dist/tex/latex/latexconfig/epstopdf-sys.cfg
)) (/usr/local/texlive/2026basic/texmf-dist/tex/latex/graphics/color.sty
(/usr/local/texlive/2026basic/texmf-dist/tex/latex/graphics-cfg/color.cfg)
(/usr/local/texlive/2026basic/texmf-dist/tex/latex/graphics/mathcolor.ltx))
(/usr/local/texlive/2026basic/texmf-dist/tex/latex/amsfonts/umsa.fd)
(/usr/local/texlive/2026basic/texmf-dist/tex/latex/amsfonts/umsb.fd) [1{/usr/lo
cal/texlive/2026basic/texmf-var/fonts/map/pdftex/updmap/pdftex.map}] [2]
[3] (./portfolio_optimization_paper.aux)

Package rerunfilecheck Warning: File `portfolio_optimization_paper.out' has cha
nged.
(rerunfilecheck)                Rerun to get outlines right
(rerunfilecheck)                or use package `bookmark'.

 )</usr/local/texlive/2026basic/texmf-dist/fonts/type1/public/amsfonts/cm/cmbx1
0.pfb></usr/local/texlive/2026basic/texmf-dist/fonts/type1/public/amsfonts/cm/c
mbx12.pfb></usr/local/texlive/2026basic/texmf-dist/fonts/type1/public/amsfonts/
cm/cmex10.pfb></usr/local/texlive/2026basic/texmf-dist/fonts/type1/public/amsfo
nts/cm/cmmi10.pfb></usr/local/texlive/2026basic/texmf-dist/fonts/type1/public/a
msfonts/cm/cmmi6.pfb></usr/local/texlive/2026basic/texmf-dist/fonts/type1/publi
c/amsfonts/cm/cmmi8.pfb></usr/local/texlive/2026basic/texmf-dist/fonts/type1/pu
blic/amsfonts/cm/cmr10.pfb></usr/local/texlive/2026basic/texmf-dist/fonts/type1
/public/amsfonts/cm/cmr12.pfb></usr/local/texlive/2026basic/texmf-dist/fonts/ty
pe1/public/amsfonts/cm/cmr6.pfb></usr/local/texlive/2026basic/texmf-dist/fonts/
type1/public/amsfonts/cm/cmr7.pfb></usr/local/texlive/2026basic/texmf-dist/font
s/type1/public/amsfonts/cm/cmr8.pfb></usr/local/texlive/2026basic/texmf-dist/fo
nts/type1/public/amsfonts/cm/cmsy10.pfb></usr/local/texlive/2026basic/texmf-dis
t/fonts/type1/public/amsfonts/cm/cmsy8.pfb></usr/local/texlive/2026basic/texmf-
dist/fonts/type1/public/amsfonts/cm/cmtt12.pfb></usr/local/texlive/2026basic/te
xmf-dist/fonts/type1/public/amsfonts/symbols/msbm10.pfb>
Output written on ./portfolio_optimization_paper.pdf (3 pages, 171933 bytes).
Transcript written on ./portfolio_optimization_paper.log.
